
> bookstore-backend@1.0.0 test
> jest tests/auth.test.js

node.exe : 
(node:2848) 
[MONGOOSE] Warning: 
Duplicate schema 
index on {"user":1} 
found. This is 
often due to 
declaring an index 
using both "index: 
true" and 
"schema.index()". 
Please remove the 
duplicate index 
definition.
At line:1 char:1
+ & "C:\Program File
s\nodejs/node.exe" 
"C:\Program Files\no
dejs/node_mo ...
+ ~~~~~~~~~~~~~~~~~~
~~~~~~~~~~~~~~~~~~~~
~~~~~~~~~~~~~~~~~~~~
~~~~~~~~~~~
    + CategoryInfo  
            : NotS  
  pecified: ((nod   
 e:2848) [MO...d    
ex definition.:    
String) [], Rem    
oteException
    + FullyQualifie 
   dErrorId : Nati  
  veCommandError
 
(Use `node 
--trace-warnings 
...` to show where 
the warning was 
created)
(node:2848) 
[MONGOOSE] Warning: 
Duplicate schema 
index on 
{"orderNumber":1} 
found. This is 
often due to 
declaring an index 
using both "index: 
true" and 
"schema.index()". 
Please remove the 
duplicate index 
definition.
(node:2848) 
[MONGODB DRIVER] 
Warning: 
useNewUrlParser is 
a deprecated 
option: 
useNewUrlParser has 
no effect since 
Node.js Driver 
version 4.0.0 and 
will be removed in 
the next major 
version
(node:2848) 
[MONGODB DRIVER] 
Warning: 
useUnifiedTopology 
is a deprecated 
option: 
useUnifiedTopology 
has no effect since 
Node.js Driver 
version 4.0.0 and 
will be removed in 
the next major 
version
FAIL 
tests/auth.test.js 
(11.207 s)
  ΓùÅ Auth API ΓÇ║ 
should register a 
new user

    thrown: 
"Exceeded timeout 
of 5000 ms for a 
hook.
    Add a timeout 
value to this test 
to increase the 
timeout, if this is 
a long-running 
test. See https://je
stjs.io/docs/api#tes
tname-fn-timeout."

    [0m [90m  7 
|[39m 
[36mconst[39m [33
mTEST_DB_URI[39m 
[33m=[39m [32m'mo
ngodb://localhost:27
017/bookstore_test'
[39m[33m;[39m
     [90m  8 |[39m
    [31m[1m>[22m
[39m[90m  9 |[39m 
beforeAll([36masync
[39m () 
[33m=>[39m {
     [90m    
|[39m 
[31m[1m^[22m[39m
     [90m 10 
|[39m     
[36mawait[39m mong
oose[33m.[39mconne
ct([33mTEST_DB_URI
[39m[33m,[39m {
     [90m 11 
|[39m         useNe
wUrlParser[33m:[39
m [36mtrue[39m[33
m,[39m
     [90m 12 
|[39m         useUn
ifiedTopology[33m:
[39m [36mtrue[39m
[33m,[39m[0m

      at 
Object.beforeAll (te
sts/auth.test.js:9:1
)

  ΓùÅ Auth API ΓÇ║ 
should login the 
user

    thrown: 
"Exceeded timeout 
of 5000 ms for a 
hook.
    Add a timeout 
value to this test 
to increase the 
timeout, if this is 
a long-running 
test. See https://je
stjs.io/docs/api#tes
tname-fn-timeout."

    [0m [90m  7 
|[39m 
[36mconst[39m [33
mTEST_DB_URI[39m 
[33m=[39m [32m'mo
ngodb://localhost:27
017/bookstore_test'
[39m[33m;[39m
     [90m  8 |[39m
    [31m[1m>[22m
[39m[90m  9 |[39m 
beforeAll([36masync
[39m () 
[33m=>[39m {
     [90m    
|[39m 
[31m[1m^[22m[39m
     [90m 10 
|[39m     
[36mawait[39m mong
oose[33m.[39mconne
ct([33mTEST_DB_URI
[39m[33m,[39m {
     [90m 11 
|[39m         useNe
wUrlParser[33m:[39
m [36mtrue[39m[33
m,[39m
     [90m 12 
|[39m         useUn
ifiedTopology[33m:
[39m [36mtrue[39m
[33m,[39m[0m

      at 
Object.beforeAll (te
sts/auth.test.js:9:1
)

  ΓùÅ Auth API ΓÇ║ 
should get current 
user profile

    thrown: 
"Exceeded timeout 
of 5000 ms for a 
hook.
    Add a timeout 
value to this test 
to increase the 
timeout, if this is 
a long-running 
test. See https://je
stjs.io/docs/api#tes
tname-fn-timeout."

    [0m [90m  7 
|[39m 
[36mconst[39m [33
mTEST_DB_URI[39m 
[33m=[39m [32m'mo
ngodb://localhost:27
017/bookstore_test'
[39m[33m;[39m
     [90m  8 |[39m
    [31m[1m>[22m
[39m[90m  9 |[39m 
beforeAll([36masync
[39m () 
[33m=>[39m {
     [90m    
|[39m 
[31m[1m^[22m[39m
     [90m 10 
|[39m     
[36mawait[39m mong
oose[33m.[39mconne
ct([33mTEST_DB_URI
[39m[33m,[39m {
     [90m 11 
|[39m         useNe
wUrlParser[33m:[39
m [36mtrue[39m[33
m,[39m
     [90m 12 
|[39m         useUn
ifiedTopology[33m:
[39m [36mtrue[39m
[33m,[39m[0m

      at 
Object.beforeAll (te
sts/auth.test.js:9:1
)

  ΓùÅ Auth API ΓÇ║ 
should fail login 
with wrong password

    thrown: 
"Exceeded timeout 
of 5000 ms for a 
hook.
    Add a timeout 
value to this test 
to increase the 
timeout, if this is 
a long-running 
test. See https://je
stjs.io/docs/api#tes
tname-fn-timeout."

    [0m [90m  7 
|[39m 
[36mconst[39m [33
mTEST_DB_URI[39m 
[33m=[39m [32m'mo
ngodb://localhost:27
017/bookstore_test'
[39m[33m;[39m
     [90m  8 |[39m
    [31m[1m>[22m
[39m[90m  9 |[39m 
beforeAll([36masync
[39m () 
[33m=>[39m {
     [90m    
|[39m 
[31m[1m^[22m[39m
     [90m 10 
|[39m     
[36mawait[39m mong
oose[33m.[39mconne
ct([33mTEST_DB_URI
[39m[33m,[39m {
     [90m 11 
|[39m         useNe
wUrlParser[33m:[39
m [36mtrue[39m[33
m,[39m
     [90m 12 
|[39m         useUn
ifiedTopology[33m:
[39m [36mtrue[39m
[33m,[39m[0m

      at 
Object.beforeAll (te
sts/auth.test.js:9:1
)


  ΓùÅ Test suite 
failed to run

    thrown: 
"Exceeded timeout 
of 5000 ms for a 
hook.
    Add a timeout 
value to this test 
to increase the 
timeout, if this is 
a long-running 
test. See https://je
stjs.io/docs/api#tes
tname-fn-timeout."

    [0m [90m 14 
|[39m })[33m;[39m
     [90m 15 |[39m
    [31m[1m>[22m
[39m[90m 16 |[39m 
afterAll([36masync
[39m () 
[33m=>[39m {
     [90m    
|[39m 
[31m[1m^[22m[39m
     [90m 17 
|[39m     
[36mawait[39m mong
oose[33m.[39mconne
ction[33m.[39mdrop
Database()[33m;[39
m
     [90m 18 
|[39m     
[36mawait[39m mong
oose[33m.[39mconne
ction[33m.[39mclos
e()[33m;[39m
     [90m 19 
|[39m 
})[33m;[39m[0m

      at 
Object.afterAll (tes
ts/auth.test.js:16:1
)

Test Suites: 1 
failed, 1 total
Tests:       4 
failed, 4 total
Snapshots:   0 total
Time:        11.269 
s, estimated 12 s
Ran all test suites 
matching 
tests/auth.test.js.
Jest did not exit 
one second after 
the test run has 
completed.

'This usually means 
that there are 
asynchronous 
operations that 
weren't stopped in 
your tests. 
Consider running 
Jest with `--detectO
penHandles` to 
troubleshoot this 
issue.
